
> react-kavia@0.1.0 start
> cross-env EDIT_MODE=true webpack serve --config .ve/webpack.config.js --mode development

<i> [webpack-dev-server] Project is running at:
<i> [webpack-dev-server] Loopback: http://localhost:3000/, http://[::1]:3000/
<i> [webpack-dev-server] On Your Network (IPv4): http://172.17.0.2:3000/
<i> [webpack-dev-server] Content not from webpack is served from './public' directory
Injecting EditorRootWrapper import: ../.ve/EditorRootWrapper
asset bundle.js 1.39 MiB [emitted] (name: main)
asset index.html 1.98 KiB [emitted]
runtime modules 27.5 KiB 14 modules
modules by path ./node_modules/ 1.24 MiB 31 modules
modules by path ./src/ 10.3 KiB
  modules by path ./src/*.css 7.49 KiB 4 modules
  modules by path ./src/*.js 2.76 KiB
    ./src/index.js 530 bytes [built] [code generated]
    ./src/App.js 2.25 KiB [built] [code generated]
modules by path ./.ve/ 15.1 KiB
  modules by path ./.ve/*.js 10.6 KiB 2 modules
  modules by path ./.ve/*.css 2.93 KiB
    ./.ve/EditorOverlay.css 2.25 KiB [built] [code generated]
    ./node_modules/css-loader/dist/cjs.js!./.ve/EditorOverlay.css 697 bytes [built] [code generated]
  ./.ve/EditorOverlay.jsx 1.58 KiB [built] [code generated]
webpack 5.99.9 compiled successfully in 1824 ms
assets by status 1.98 KiB [cached] 1 asset
assets by path *.js 1.42 MiB
  asset bundle.js 1.41 MiB [emitted] (name: main)
  asset main.b7fe5b5667cccce94c27.hot-update.js 19.4 KiB [emitted] [immutable] [hmr] (name: main)
asset main.b7fe5b5667cccce94c27.hot-update.json 28 bytes [emitted] [immutable] [hmr]
Entrypoint main 1.42 MiB = bundle.js 1.41 MiB main.b7fe5b5667cccce94c27.hot-update.js 19.4 KiB
cached modules 1.26 MiB [cached] 41 modules
runtime modules 27.5 KiB 14 modules
./src/App.js 14.1 KiB [built] [code generated]
webpack 5.99.9 compiled successfully in 220 ms
assets by status 1.98 KiB [cached] 1 asset
assets by path *.js 1.41 MiB
  asset bundle.js 1.41 MiB [emitted] (name: main)
  asset main.1397610edf1a2dca0210.hot-update.js 6.83 KiB [emitted] [immutable] [hmr] (name: main)
asset main.1397610edf1a2dca0210.hot-update.json 28 bytes [emitted] [immutable] [hmr]
Entrypoint main 1.41 MiB = bundle.js 1.41 MiB main.1397610edf1a2dca0210.hot-update.js 6.83 KiB
cached modules 1.27 MiB [cached] 41 modules
runtime modules 27.5 KiB 14 modules
./node_modules/css-loader/dist/cjs.js!./src/App.css 4.27 KiB [built] [code generated]
webpack 5.99.9 compiled successfully in 62 ms
assets by status 1.98 KiB [cached] 1 asset
assets by path *.js 1.43 MiB
  asset bundle.js 1.41 MiB [emitted] (name: main)
  asset main.94e07fbdc49ed7c21f38.hot-update.js 19.7 KiB [emitted] [immutable] [hmr] (name: main)
asset main.94e07fbdc49ed7c21f38.hot-update.json 28 bytes [emitted] [immutable] [hmr]
Entrypoint main 1.43 MiB = bundle.js 1.41 MiB main.94e07fbdc49ed7c21f38.hot-update.js 19.7 KiB
cached modules 1.26 MiB [cached] 41 modules
runtime modules 27.5 KiB 14 modules
./src/App.js 14.4 KiB [built] [code generated]
webpack 5.99.9 compiled successfully in 139 ms
assets by status 1.98 KiB [cached] 1 asset
assets by path *.js 1.42 MiB
  asset bundle.js 1.41 MiB [emitted] (name: main)
  asset main.cd15e21d11c490d81a40.hot-update.js 7 KiB [emitted] [immutable] [hmr] (name: main)
asset main.cd15e21d11c490d81a40.hot-update.json 28 bytes [emitted] [immutable] [hmr]
Entrypoint main 1.42 MiB = bundle.js 1.41 MiB main.cd15e21d11c490d81a40.hot-update.js 7 KiB
cached modules 1.27 MiB [cached] 41 modules
runtime modules 27.5 KiB 14 modules
./node_modules/css-loader/dist/cjs.js!./src/App.css 4.43 KiB [built] [code generated]
webpack 5.99.9 compiled successfully in 90 ms
assets by status 1.98 KiB [cached] 1 asset
assets by path *.js 1.42 MiB
  asset bundle.js 1.41 MiB [emitted] (name: main)
  asset main.8d03be3b05880c3754c9.hot-update.js 7.04 KiB [emitted] [immutable] [hmr] (name: main)
asset main.8d03be3b05880c3754c9.hot-update.json 28 bytes [emitted] [immutable] [hmr]
Entrypoint main 1.42 MiB = bundle.js 1.41 MiB main.8d03be3b05880c3754c9.hot-update.js 7.04 KiB
cached modules 1.27 MiB [cached] 41 modules
runtime modules 27.5 KiB 14 modules
./node_modules/css-loader/dist/cjs.js!./src/App.css 4.47 KiB [built] [code generated]
webpack 5.99.9 compiled successfully in 36 ms
assets by status 1.98 KiB [cached] 1 asset
assets by path *.js 1.42 MiB
  asset bundle.js 1.41 MiB [emitted] (name: main)
  asset main.5f7081f48b102e3549e3.hot-update.js 7.07 KiB [emitted] [immutable] [hmr] (name: main)
asset main.5f7081f48b102e3549e3.hot-update.json 28 bytes [emitted] [immutable] [hmr]
Entrypoint main 1.42 MiB = bundle.js 1.41 MiB main.5f7081f48b102e3549e3.hot-update.js 7.07 KiB
cached modules 1.27 MiB [cached] 41 modules
runtime modules 27.5 KiB 14 modules
./node_modules/css-loader/dist/cjs.js!./src/App.css 4.5 KiB [built] [code generated]
webpack 5.99.9 compiled successfully in 53 ms
assets by status 1.98 KiB [cached] 1 asset
assets by path *.js 1.42 MiB
  asset bundle.js 1.41 MiB [emitted] (name: main)
  asset main.7b68da16616ffd12dd59.hot-update.js 7.07 KiB [emitted] [immutable] [hmr] (name: main)
asset main.7b68da16616ffd12dd59.hot-update.json 28 bytes [emitted] [immutable] [hmr]
Entrypoint main 1.42 MiB = bundle.js 1.41 MiB main.7b68da16616ffd12dd59.hot-update.js 7.07 KiB
cached modules 1.27 MiB [cached] 41 modules
runtime modules 27.5 KiB 14 modules
./node_modules/css-loader/dist/cjs.js!./src/App.css 4.5 KiB [built] [code generated]
webpack 5.99.9 compiled successfully in 31 ms
assets by status 1.98 KiB [cached] 1 asset
assets by path *.js 1.42 MiB
  asset bundle.js 1.41 MiB [emitted] (name: main)
  asset main.2eca13c3cb921d0b4bbe.hot-update.js 7.14 KiB [emitted] [immutable] [hmr] (name: main)
asset main.2eca13c3cb921d0b4bbe.hot-update.json 28 bytes [emitted] [immutable] [hmr]
Entrypoint main 1.42 MiB = bundle.js 1.41 MiB main.2eca13c3cb921d0b4bbe.hot-update.js 7.14 KiB
cached modules 1.27 MiB [cached] 41 modules
runtime modules 27.5 KiB 14 modules
./node_modules/css-loader/dist/cjs.js!./src/App.css 4.56 KiB [built] [code generated]
webpack 5.99.9 compiled successfully in 36 ms
assets by status 1.98 KiB [cached] 1 asset
assets by path *.js 1.42 MiB
  asset bundle.js 1.41 MiB [emitted] (name: main)
  asset main.a56f0bcda4d7d78c13f7.hot-update.js 7.29 KiB [emitted] [immutable] [hmr] (name: main)
asset main.a56f0bcda4d7d78c13f7.hot-update.json 28 bytes [emitted] [immutable] [hmr]
Entrypoint main 1.42 MiB = bundle.js 1.41 MiB main.a56f0bcda4d7d78c13f7.hot-update.js 7.29 KiB
cached modules 1.27 MiB [cached] 41 modules
runtime modules 27.5 KiB 14 modules
./node_modules/css-loader/dist/cjs.js!./src/App.css 4.71 KiB [built] [code generated]
webpack 5.99.9 compiled successfully in 30 ms
assets by status 1.98 KiB [cached] 1 asset
assets by path *.js 1.42 MiB
  asset bundle.js 1.41 MiB [emitted] (name: main)
  asset main.be8c4d3372a25879a852.hot-update.js 7.46 KiB [emitted] [immutable] [hmr] (name: main)
asset main.be8c4d3372a25879a852.hot-update.json 28 bytes [emitted] [immutable] [hmr]
Entrypoint main 1.42 MiB = bundle.js 1.41 MiB main.be8c4d3372a25879a852.hot-update.js 7.46 KiB
cached modules 1.27 MiB [cached] 41 modules
runtime modules 27.5 KiB 14 modules
./node_modules/css-loader/dist/cjs.js!./src/App.css 4.88 KiB [built] [code generated]
webpack 5.99.9 compiled successfully in 27 ms
assets by status 1.98 KiB [cached] 1 asset
assets by path *.js 1.42 MiB
  asset bundle.js 1.41 MiB [emitted] (name: main)
  asset main.68f3fe79533669b6bc53.hot-update.js 7.61 KiB [emitted] [immutable] [hmr] (name: main)
asset main.68f3fe79533669b6bc53.hot-update.json 28 bytes [emitted] [immutable] [hmr]
Entrypoint main 1.42 MiB = bundle.js 1.41 MiB main.68f3fe79533669b6bc53.hot-update.js 7.61 KiB
cached modules 1.27 MiB [cached] 41 modules
runtime modules 27.5 KiB 14 modules
./node_modules/css-loader/dist/cjs.js!./src/App.css 5.01 KiB [built] [code generated]
webpack 5.99.9 compiled successfully in 38 ms
assets by status 1.98 KiB [cached] 1 asset
assets by path *.js 1.43 MiB
  asset bundle.js 1.41 MiB [emitted] (name: main)
  asset main.d8eee5798f0a8db6db84.hot-update.js 19.6 KiB [emitted] [immutable] [hmr] (name: main)
asset main.d8eee5798f0a8db6db84.hot-update.json 28 bytes [emitted] [immutable] [hmr]
Entrypoint main 1.43 MiB = bundle.js 1.41 MiB main.d8eee5798f0a8db6db84.hot-update.js 19.6 KiB
cached modules 1.26 MiB [cached] 41 modules
runtime modules 27.5 KiB 14 modules
./src/App.js 14.3 KiB [built] [code generated]
webpack 5.99.9 compiled successfully in 114 ms
assets by status 1.98 KiB [cached] 1 asset
assets by path *.js 1.43 MiB
  asset bundle.js 1.41 MiB [emitted] (name: main)
  asset main.5b62370befdf03c4749f.hot-update.js 22 KiB [emitted] [immutable] [hmr] (name: main)
asset main.5b62370befdf03c4749f.hot-update.json 28 bytes [emitted] [immutable] [hmr]
Entrypoint main 1.43 MiB = bundle.js 1.41 MiB main.5b62370befdf03c4749f.hot-update.js 22 KiB
cached modules 1.26 MiB [cached] 41 modules
runtime modules 27.5 KiB 14 modules
./src/App.js 16.4 KiB [built] [code generated]
webpack 5.99.9 compiled successfully in 78 ms
assets by status 1.98 KiB [cached] 1 asset
assets by path *.js 1.44 MiB
  asset bundle.js 1.41 MiB [emitted] (name: main)
  asset main.845d5b289a9ee3b922ae.hot-update.js 23.2 KiB [emitted] [immutable] [hmr] (name: main)
asset main.845d5b289a9ee3b922ae.hot-update.json 28 bytes [emitted] [immutable] [hmr]
Entrypoint main 1.44 MiB = bundle.js 1.41 MiB main.845d5b289a9ee3b922ae.hot-update.js 23.2 KiB
cached modules 1.26 MiB [cached] 41 modules
runtime modules 27.5 KiB 14 modules
./src/App.js 17.6 KiB [built] [code generated]
webpack 5.99.9 compiled successfully in 83 ms
